2026-05-27 12:13:50,613 [WARNING] Symbol 3IINFOTECH has no data after standardization
2026-05-27 12:13:54,596 [WARNING] Symbol ACRYSIL has no data after standardization
2026-05-27 12:13:54,969 [WARNING] Symbol ADANITRANS has no data after standardization
2026-05-27 12:13:58,401 [WARNING] Symbol AMARAJABAT has no data after standardization
2026-05-27 12:13:58,871 [WARNING] Symbol ANDHRACEMT has no data after standardization
2026-05-27 12:13:59,131 [WARNING] Symbol ANGELBRKG has no data after standardization
2026-05-27 12:13:59,190 [WARNING] Symbol ANSALHSG has no data after standardization
2026-05-27 12:14:01,355 [WARNING] Symbol ATLANTA has no data after standardization
2026-05-27 12:14:01,713 [WARNING] Symbol AUTOLITIND has no data after standardization
2026-05-27 12:14:03,155 [WARNING] Symbol BHAGYAPROP has no data after standardization
2026-05-27 12:14:03,492 [WARNING] Symbol BINDALAGRO has no data after standardization
2026-05-27 12:14:03,709 [WARNING] Symbol BIRLATYRE has no data after standardization
2026-05-27 12:14:04,170 [WARNING] Symbol BRFL has no data after standardization
2026-05-27 12:14:04,391 [WARNING] Symbol BSELINFRA has no data after standardization
2026-05-27 12:14:04,521 [WARNING] Symbol BURGERKING has no data after standardization
2026-05-27 12:14:04,643 [WARNING] Symbol CADILAHC has no data after standardization
2026-05-27 12:14:05,280 [WARNING] Symbol CESCVENT has no data after standardization
2026-05-27 12:14:05,695 [WARNING] Symbol CLNINDIA has no data after standardization
2026-05-27 12:14:06,046 [WARNING] Symbol COSMOFILMS has no data after standardization
2026-05-27 12:14:06,568 [WARNING] Symbol DAAWAT has no data after standardization
2026-05-27 12:14:07,813 [WARNING] Symbol DFMFOODS has no data after standardization
2026-05-27 12:14:08,180 [WARNING] Symbol DHFL has no data after standardization
2026-05-27 12:14:08,509 [WARNING] Symbol DOLAT has no data after standardization
2026-05-27 12:14:09,244 [WARNING] Symbol EBIXFOREX has no data after standardization
2026-05-27 12:14:10,079 [WARNING] Symbol EQUITAS has no data after standardization
2026-05-27 12:14:11,668 [WARNING] Symbol GAL has no data after standardization
2026-05-27 12:14:11,886 [WARNING] Symbol GALLISPAT has no data after standardization
2026-05-27 12:14:11,946 [WARNING] Symbol GAMMNINFRA has no data after standardization
2026-05-27 12:14:12,228 [WARNING] Symbol GARDENSILK has no data after standardization
2026-05-27 12:14:12,356 [WARNING] Symbol GATI has no data after standardization
2026-05-27 12:14:12,460 [WARNING] Symbol GDL has no data after standardization
2026-05-27 12:14:13,468 [WARNING] Symbol GLOBOFFS has no data after standardization
2026-05-27 12:14:14,910 [WARNING] Symbol GSCLCEMENT has no data after standardization
2026-05-27 12:14:15,248 [WARNING] Symbol GTNTEX has no data after standardization
2026-05-27 12:14:15,716 [WARNING] Symbol HARITASEAT has no data after standardization
2026-05-27 12:14:16,185 [WARNING] Symbol HDFC has no data after standardization
2026-05-27 12:14:17,701 [WARNING] Symbol HOTELRUGBY has no data after standardization
2026-05-27 12:14:18,004 [WARNING] Symbol HSIL has no data after standardization
2026-05-27 12:14:18,947 [WARNING] Symbol IIFLWAM has no data after standardization
2026-05-27 12:14:19,927 [WARNING] Symbol INEOSSTYRO has no data after standardization
2026-05-27 12:14:20,164 [WARNING] Symbol INOXLEISUR has no data after standardization
2026-05-27 12:14:21,772 [WARNING] Symbol JMCPROJECT has no data after standardization
2026-05-27 12:14:21,954 [WARNING] Symbol JSLHISAR has no data after standardization
2026-05-27 12:14:22,008 [WARNING] Symbol JSWISPL has no data after standardization
2026-05-27 12:14:22,117 [WARNING] Symbol JUBILANT has no data after standardization
2026-05-27 12:14:22,219 [WARNING] Symbol JUMPNET has no data after standardization
2026-05-27 12:14:22,379 [WARNING] Symbol KALPATPOWR has no data after standardization
2026-05-27 12:14:22,634 [WARNING] Symbol KARDA has no data after standardization
2026-05-27 12:14:22,938 [WARNING] Symbol KEERTI has no data after standardization
2026-05-27 12:14:26,436 [WARNING] Symbol KWALITY has no data after standardization
2026-05-27 12:14:26,607 [WARNING] Symbol L&TFH has no data after standardization
2026-05-27 12:14:33,099 [WARNING] Symbol LINCPEN has no data after standardization
2026-05-27 12:14:34,314 [WARNING] Symbol LTI has no data after standardization
2026-05-27 12:14:36,185 [WARNING] Symbol MAGMA has no data after standardization
2026-05-27 12:14:37,728 [WARNING] Symbol MAHINDCIE has no data after standardization
2026-05-27 12:14:38,471 [WARNING] Symbol MAJESCO has no data after standardization
2026-05-27 12:14:40,341 [WARNING] Symbol MANGTIMBER has no data after standardization
2026-05-27 12:14:41,994 [WARNING] Symbol MAXVIL has no data after standardization
2026-05-27 12:14:43,062 [WARNING] Symbol MEGH has no data after standardization
2026-05-27 12:14:43,386 [WARNING] Symbol MINDAIND has no data after standardization
2026-05-27 12:14:43,670 [WARNING] Symbol MINDTREE has no data after standardization
2026-05-27 12:14:44,147 [WARNING] Symbol MOTHERSUMI has no data after standardization
2026-05-27 12:14:44,478 [WARNING] Symbol MUKANDENGG has no data after standardization
2026-05-27 12:14:45,166 [WARNING] Symbol NBVENTURES has no data after standardization
2026-05-27 12:14:46,110 [WARNING] Symbol NXTDIGITAL has no data after standardization
2026-05-27 12:14:46,308 [WARNING] Symbol OMMETALS has no data after standardization
2026-05-27 12:14:46,464 [WARNING] Symbol ORIENTABRA has no data after standardization
2026-05-27 12:14:46,762 [WARNING] Symbol ORIENTREF has no data after standardization
2026-05-27 12:14:47,260 [WARNING] Symbol PDSMFL has no data after standardization
2026-05-27 12:14:47,606 [WARNING] Symbol PHILIPCARB has no data after standardization
2026-05-27 12:14:47,723 [WARNING] Symbol PIONDIST has no data after standardization
2026-05-27 12:14:48,165 [WARNING] Symbol PRABHAT has no data after standardization
2026-05-27 12:14:48,582 [WARNING] Symbol PRESSMN has no data after standardization
2026-05-27 12:14:48,798 [WARNING] Symbol PROZONINTU has no data after standardization
2026-05-27 12:14:49,199 [WARNING] Symbol PVR has no data after standardization
2026-05-27 12:14:50,782 [WARNING] Symbol REVATHI has no data after standardization
2026-05-27 12:14:51,221 [WARNING] Symbol RNAVAL has no data after standardization
2026-05-27 12:14:51,609 [WARNING] Symbol RTNINFRA has no data after standardization
2026-05-27 12:14:51,731 [WARNING] Symbol RUCHI has no data after standardization
2026-05-27 12:14:53,116 [WARNING] Symbol SCAPDVR has no data after standardization
2026-05-27 12:14:54,119 [WARNING] Symbol SHIL has no data after standardization
2026-05-27 12:14:54,635 [WARNING] Symbol SHRIRAMCIT has no data after standardization
2026-05-27 12:14:54,684 [WARNING] Symbol SHRIRAMEPC has no data after standardization
2026-05-27 12:14:55,478 [WARNING] Symbol SORILINFRA has no data after standardization
2026-05-27 12:14:55,863 [WARNING] Symbol SPICEJET has no data after standardization
2026-05-27 12:14:55,979 [WARNING] Symbol SREINFRA has no data after standardization
2026-05-27 12:14:56,062 [WARNING] Symbol SRIPIPES has no data after standardization
2026-05-27 12:14:56,145 [WARNING] Symbol SRTRANSFIN has no data after standardization
2026-05-27 12:14:56,712 [WARNING] Symbol SUNCLAYLTD has no data after standardization
2026-05-27 12:14:57,025 [WARNING] Symbol SUPPETRO has no data after standardization
2026-05-27 12:14:57,779 [WARNING] Symbol TATACOFFEE has no data after standardization
2026-05-27 12:14:57,831 [WARNING] Symbol TATAMETALI has no data after standardization
2026-05-27 12:14:57,923 [WARNING] Symbol TATASTLBSL has no data after standardization
2026-05-27 12:14:57,966 [WARNING] Symbol TATASTLLP has no data after standardization
2026-05-27 12:14:58,088 [WARNING] Symbol TCIDEVELOP has no data after standardization
2026-05-27 12:14:58,972 [WARNING] Symbol TINPLATE has no data after standardization
2026-05-27 12:14:59,088 [WARNING] Symbol TMRVL has no data after standardization
2026-05-27 12:14:59,729 [WARNING] Symbol TWL has no data after standardization
2026-05-27 12:14:59,784 [WARNING] Symbol UCALFUEL has no data after standardization
2026-05-27 12:14:59,981 [WARNING] Symbol UJJIVAN has no data after standardization
2026-05-27 12:15:01,119 [WARNING] Symbol VIKASMCORP has no data after standardization
2026-05-27 12:15:01,172 [WARNING] Symbol VIKASPROP has no data after standardization
2026-05-27 12:15:01,221 [WARNING] Symbol VIKASWSP has no data after standardization
2026-05-27 12:15:01,572 [WARNING] Symbol VISHAL has no data after standardization
2026-05-27 12:15:02,041 [WARNING] Symbol WABCOINDIA has no data after standardization
2026-05-27 12:15:02,229 [WARNING] Symbol WATERBASE has no data after standardization
2026-05-27 12:15:02,469 [WARNING] Symbol WELSPUNIND has no data after standardization
2026-05-27 12:15:02,827 [WARNING] Symbol YAARII has no data after standardization
2026-05-27 12:15:03,026 [WARNING] Symbol ZODJRDMKJ has no data after standardization
2026-05-27 12:16:12,877 [ERROR] Invalid input for date or years: could not convert string to float: ''
2026-05-27 12:18:50,915 [WARNING] Symbol 3IINFOTECH has no data after standardization
2026-05-27 12:18:51,339 [WARNING] Symbol ACRYSIL has no data after standardization
2026-05-27 12:18:51,375 [WARNING] Symbol ADANITRANS has no data after standardization
2026-05-27 12:18:52,480 [WARNING] Symbol AMARAJABAT has no data after standardization
2026-05-27 12:18:52,681 [WARNING] Symbol ANDHRACEMT has no data after standardization
2026-05-27 12:18:52,806 [WARNING] Symbol ANGELBRKG has no data after standardization
2026-05-27 12:18:52,841 [WARNING] Symbol ANSALHSG has no data after standardization
2026-05-27 12:18:54,306 [WARNING] Symbol ATLANTA has no data after standardization
2026-05-27 12:18:54,556 [WARNING] Symbol AUTOLITIND has no data after standardization
2026-05-27 12:18:55,697 [WARNING] Symbol BHAGYAPROP has no data after standardization
2026-05-27 12:18:55,916 [WARNING] Symbol BINDALAGRO has no data after standardization
2026-05-27 12:18:56,088 [WARNING] Symbol BIRLATYRE has no data after standardization
2026-05-27 12:18:56,402 [WARNING] Symbol BRFL has no data after standardization
2026-05-27 12:18:56,519 [WARNING] Symbol BSELINFRA has no data after standardization
2026-05-27 12:18:56,618 [WARNING] Symbol BURGERKING has no data after standardization
2026-05-27 12:18:56,704 [WARNING] Symbol CADILAHC has no data after standardization
2026-05-27 12:18:57,208 [WARNING] Symbol CESCVENT has no data after standardization
2026-05-27 12:18:57,527 [WARNING] Symbol CLNINDIA has no data after standardization
2026-05-27 12:18:57,788 [WARNING] Symbol COSMOFILMS has no data after standardization
2026-05-27 12:18:58,104 [WARNING] Symbol DAAWAT has no data after standardization
2026-05-27 12:18:58,779 [WARNING] Symbol DFMFOODS has no data after standardization
2026-05-27 12:18:59,035 [WARNING] Symbol DHFL has no data after standardization
2026-05-27 12:18:59,275 [WARNING] Symbol DOLAT has no data after standardization
2026-05-27 12:18:59,821 [WARNING] Symbol EBIXFOREX has no data after standardization
2026-05-27 12:19:00,438 [WARNING] Symbol EQUITAS has no data after standardization
2026-05-27 12:19:01,900 [WARNING] Symbol GAL has no data after standardization
2026-05-27 12:19:02,156 [WARNING] Symbol GALLISPAT has no data after standardization
2026-05-27 12:19:02,238 [WARNING] Symbol GAMMNINFRA has no data after standardization
2026-05-27 12:19:02,447 [WARNING] Symbol GARDENSILK has no data after standardization
2026-05-27 12:19:02,541 [WARNING] Symbol GATI has no data after standardization
2026-05-27 12:19:02,632 [WARNING] Symbol GDL has no data after standardization
2026-05-27 12:19:03,249 [WARNING] Symbol GLOBOFFS has no data after standardization
2026-05-27 12:19:04,737 [WARNING] Symbol GSCLCEMENT has no data after standardization
2026-05-27 12:19:04,988 [WARNING] Symbol GTNTEX has no data after standardization
2026-05-27 12:19:05,387 [WARNING] Symbol HARITASEAT has no data after standardization
2026-05-27 12:19:05,772 [WARNING] Symbol HDFC has no data after standardization
2026-05-27 12:19:06,881 [WARNING] Symbol HOTELRUGBY has no data after standardization
2026-05-27 12:19:06,993 [WARNING] Symbol HSIL has no data after standardization
2026-05-27 12:19:07,662 [WARNING] Symbol IIFLWAM has no data after standardization
2026-05-27 12:19:08,258 [WARNING] Symbol INEOSSTYRO has no data after standardization
2026-05-27 12:19:08,469 [WARNING] Symbol INOXLEISUR has no data after standardization
2026-05-27 12:19:10,095 [WARNING] Symbol JMCPROJECT has no data after standardization
2026-05-27 12:19:10,240 [WARNING] Symbol JSLHISAR has no data after standardization
2026-05-27 12:19:10,305 [WARNING] Symbol JSWISPL has no data after standardization
2026-05-27 12:19:10,415 [WARNING] Symbol JUBILANT has no data after standardization
2026-05-27 12:19:10,532 [WARNING] Symbol JUMPNET has no data after standardization
2026-05-27 12:19:10,663 [WARNING] Symbol KALPATPOWR has no data after standardization
2026-05-27 12:19:10,890 [WARNING] Symbol KARDA has no data after standardization
2026-05-27 12:19:11,156 [WARNING] Symbol KEERTI has no data after standardization
2026-05-27 12:19:12,556 [WARNING] Symbol KWALITY has no data after standardization
2026-05-27 12:19:12,619 [WARNING] Symbol L&TFH has no data after standardization
2026-05-27 12:19:13,090 [WARNING] Symbol LINCPEN has no data after standardization
2026-05-27 12:19:13,275 [WARNING] Symbol LTI has no data after standardization
2026-05-27 12:19:13,807 [WARNING] Symbol MAGMA has no data after standardization
2026-05-27 12:19:13,989 [WARNING] Symbol MAHINDCIE has no data after standardization
2026-05-27 12:19:14,318 [WARNING] Symbol MAJESCO has no data after standardization
2026-05-27 12:19:14,679 [WARNING] Symbol MANGTIMBER has no data after standardization
2026-05-27 12:19:15,251 [WARNING] Symbol MAXVIL has no data after standardization
2026-05-27 12:19:15,561 [WARNING] Symbol MEGH has no data after standardization
2026-05-27 12:19:15,768 [WARNING] Symbol MINDAIND has no data after standardization
2026-05-27 12:19:15,861 [WARNING] Symbol MINDTREE has no data after standardization
2026-05-27 12:19:16,402 [WARNING] Symbol MOTHERSUMI has no data after standardization
2026-05-27 12:19:16,686 [WARNING] Symbol MUKANDENGG has no data after standardization
2026-05-27 12:19:17,772 [WARNING] Symbol NBVENTURES has no data after standardization
2026-05-27 12:19:19,020 [WARNING] Symbol NXTDIGITAL has no data after standardization
2026-05-27 12:19:19,303 [WARNING] Symbol OMMETALS has no data after standardization
2026-05-27 12:19:19,491 [WARNING] Symbol ORIENTABRA has no data after standardization
2026-05-27 12:19:20,051 [WARNING] Symbol ORIENTREF has no data after standardization
2026-05-27 12:19:20,983 [WARNING] Symbol PDSMFL has no data after standardization
2026-05-27 12:19:21,604 [WARNING] Symbol PHILIPCARB has no data after standardization
2026-05-27 12:19:21,791 [WARNING] Symbol PIONDIST has no data after standardization
2026-05-27 12:19:22,275 [WARNING] Symbol PRABHAT has no data after standardization
2026-05-27 12:19:22,630 [WARNING] Symbol PRESSMN has no data after standardization
2026-05-27 12:19:22,839 [WARNING] Symbol PROZONINTU has no data after standardization
2026-05-27 12:19:23,164 [WARNING] Symbol PVR has no data after standardization
2026-05-27 12:19:24,502 [WARNING] Symbol REVATHI has no data after standardization
2026-05-27 12:19:25,154 [WARNING] Symbol RNAVAL has no data after standardization
2026-05-27 12:19:25,598 [WARNING] Symbol RTNINFRA has no data after standardization
2026-05-27 12:19:25,725 [WARNING] Symbol RUCHI has no data after standardization
2026-05-27 12:19:27,431 [WARNING] Symbol SCAPDVR has no data after standardization
2026-05-27 12:19:28,364 [WARNING] Symbol SHIL has no data after standardization
2026-05-27 12:19:29,040 [WARNING] Symbol SHRIRAMCIT has no data after standardization
2026-05-27 12:19:29,082 [WARNING] Symbol SHRIRAMEPC has no data after standardization
2026-05-27 12:19:30,327 [WARNING] Symbol SORILINFRA has no data after standardization
2026-05-27 12:19:30,882 [WARNING] Symbol SPICEJET has no data after standardization
2026-05-27 12:19:31,012 [WARNING] Symbol SREINFRA has no data after standardization
2026-05-27 12:19:31,107 [WARNING] Symbol SRIPIPES has no data after standardization
2026-05-27 12:19:31,204 [WARNING] Symbol SRTRANSFIN has no data after standardization
2026-05-27 12:19:31,935 [WARNING] Symbol SUNCLAYLTD has no data after standardization
2026-05-27 12:19:32,276 [WARNING] Symbol SUPPETRO has no data after standardization
2026-05-27 12:19:33,154 [WARNING] Symbol TATACOFFEE has no data after standardization
2026-05-27 12:19:33,203 [WARNING] Symbol TATAMETALI has no data after standardization
2026-05-27 12:19:33,400 [WARNING] Symbol TATASTLBSL has no data after standardization
2026-05-27 12:19:33,463 [WARNING] Symbol TATASTLLP has no data after standardization
2026-05-27 12:19:33,600 [WARNING] Symbol TCIDEVELOP has no data after standardization
2026-05-27 12:19:34,707 [WARNING] Symbol TINPLATE has no data after standardization
2026-05-27 12:19:34,874 [WARNING] Symbol TMRVL has no data after standardization
2026-05-27 12:19:35,608 [WARNING] Symbol TWL has no data after standardization
2026-05-27 12:19:35,669 [WARNING] Symbol UCALFUEL has no data after standardization
2026-05-27 12:19:35,847 [WARNING] Symbol UJJIVAN has no data after standardization
2026-05-27 12:19:36,974 [WARNING] Symbol VIKASMCORP has no data after standardization
2026-05-27 12:19:37,029 [WARNING] Symbol VIKASPROP has no data after standardization
2026-05-27 12:19:37,080 [WARNING] Symbol VIKASWSP has no data after standardization
2026-05-27 12:19:37,440 [WARNING] Symbol VISHAL has no data after standardization
2026-05-27 12:19:37,912 [WARNING] Symbol WABCOINDIA has no data after standardization
2026-05-27 12:19:37,995 [WARNING] Symbol WATERBASE has no data after standardization
2026-05-27 12:19:38,214 [WARNING] Symbol WELSPUNIND has no data after standardization
2026-05-27 12:19:38,557 [WARNING] Symbol YAARII has no data after standardization
2026-05-27 12:19:38,762 [WARNING] Symbol ZODJRDMKJ has no data after standardization
2026-05-27 12:29:12,776 [WARNING] Symbol AEGISCHEM has insufficient data: 9 rows
2026-05-27 12:29:12,819 [WARNING] Symbol FRETAIL has insufficient data: 18 rows
2026-05-27 12:29:12,860 [WARNING] Symbol MCDOWELL-N has insufficient data: 9 rows
2026-05-27 12:29:24,250 [ERROR] Error analyzing symbol ARIHANT: index 14 is out of bounds for axis 0 with size 14
2026-05-27 12:30:10,673 [ERROR] Error analyzing symbol GOODYEAR: index 14 is out of bounds for axis 0 with size 14
2026-05-27 12:30:36,789 [ERROR] Error analyzing symbol KENNAMET: index 14 is out of bounds for axis 0 with size 14
2026-05-27 12:30:38,547 [ERROR] Error analyzing symbol KIRLFER: index 14 is out of bounds for axis 0 with size 14
2026-05-27 12:31:03,467 [ERROR] Error analyzing symbol NOVARTIND: index 14 is out of bounds for axis 0 with size 14
2026-05-27 12:31:39,117 [ERROR] Error analyzing symbol SICAGEN: index 14 is out of bounds for axis 0 with size 14
2026-05-29 10:26:55,794 [WARNING] Symbol AEGISCHEM has insufficient data: 9 rows
2026-05-29 10:26:55,870 [WARNING] Symbol EASTSILK has insufficient data: 7 rows
2026-05-29 10:26:55,991 [WARNING] Symbol FRETAIL has insufficient data: 18 rows
2026-05-29 10:26:56,054 [WARNING] Symbol MCDOWELL-N has insufficient data: 9 rows
2026-06-01 10:13:25,736 [WARNING] Symbol AEGISCHEM has insufficient data: 9 rows
2026-06-01 10:13:25,750 [WARNING] Symbol FRETAIL has insufficient data: 18 rows
2026-06-01 10:13:25,758 [WARNING] Symbol MCDOWELL-N has insufficient data: 9 rows
2026-06-01 10:13:43,930 [ERROR] Error analyzing symbol AHLWEST: 'SMA_200'
2026-06-01 10:13:48,212 [ERROR] Error analyzing symbol ALLSEC: 'SMA_200'
2026-06-01 10:13:54,262 [ERROR] Error analyzing symbol ARIHANT: 'SMA_200'
2026-06-01 10:14:44,930 [WARNING] Symbol AEGISCHEM has insufficient data: 9 rows
2026-06-01 10:14:44,946 [WARNING] Symbol FRETAIL has insufficient data: 18 rows
2026-06-01 10:14:44,961 [WARNING] Symbol MCDOWELL-N has insufficient data: 9 rows
2026-06-01 10:14:51,242 [ERROR] Error analyzing symbol AHLWEST: 'SMA_200'
2026-06-01 10:14:54,694 [ERROR] Error analyzing symbol ALLSEC: 'SMA_200'
2026-06-01 10:14:59,645 [ERROR] Error analyzing symbol ARIHANT: 'SMA_200'
2026-06-01 10:15:21,595 [ERROR] Error analyzing symbol CENTURYTEX: 'SMA_200'
2026-06-01 10:15:30,436 [ERROR] Error analyzing symbol DEEPENR: 'SMA_200'
2026-06-01 10:15:37,191 [ERROR] Error analyzing symbol EASTSILK: 'SMA_200'
2026-06-01 10:15:41,389 [ERROR] Error analyzing symbol EROSMEDIA: 'SMA_200'
2026-06-01 10:15:44,239 [ERROR] Error analyzing symbol FCONSUMER: 'SMA_200'
2026-06-01 10:15:50,998 [ERROR] Error analyzing symbol GET&D: 'SMA_200'
2026-06-01 10:15:51,411 [ERROR] Error analyzing symbol GFSTEELS: 'SMA_200'
2026-06-01 10:15:54,235 [ERROR] Error analyzing symbol GMRINFRA: 'SMA_200'
2026-06-01 10:15:57,692 [ERROR] Error analyzing symbol GOODYEAR: 'SMA_200'
2026-06-01 10:16:03,873 [ERROR] Error analyzing symbol HBLPOWER: 'SMA_200'
2026-06-01 10:16:08,296 [ERROR] Error analyzing symbol HINDNATGLS: 'SMA_200'
2026-06-01 10:16:11,559 [ERROR] Error analyzing symbol IBREALEST: 'SMA_200'
2026-06-01 10:16:11,664 [ERROR] Error analyzing symbol IBULHSGFIN: 'SMA_200'
2026-06-01 10:16:12,595 [ERROR] Error analyzing symbol IDFC: 'SMA_200'
2026-06-01 10:16:14,086 [ERROR] Error analyzing symbol IIFLSEC: 'SMA_200'
2026-06-01 10:16:20,426 [ERROR] Error analyzing symbol ISMTLTD: 'SMA_200'
2026-06-01 10:16:27,062 [ERROR] Error analyzing symbol JUBLINDS: 'SMA_200'
2026-06-01 10:16:30,338 [ERROR] Error analyzing symbol KENNAMET: 'SMA_200'
2026-06-01 10:16:32,544 [ERROR] Error analyzing symbol KIRLFER: 'SMA_200'
2026-06-01 10:16:38,135 [ERROR] Error analyzing symbol LAXMIMACH: 'SMA_200'
2026-06-01 10:17:04,296 [ERROR] Error analyzing symbol NOVARTIND: 'SMA_200'
2026-06-01 10:17:05,235 [ERROR] Error analyzing symbol NTL: 'SMA_200'
2026-06-01 10:17:48,869 [ERROR] Error analyzing symbol SHREYAS: 'SMA_200'
2026-06-01 10:17:49,244 [ERROR] Error analyzing symbol SICAGEN: 'SMA_200'
2026-06-01 10:18:07,422 [ERROR] Error analyzing symbol TATAMTRDVR: 'SMA_200'
2026-06-01 10:18:08,354 [ERROR] Error analyzing symbol TCNSBRANDS: 'SMA_200'
2026-06-01 10:18:09,277 [ERROR] Error analyzing symbol TECHIN: 'SMA_200'
2026-06-01 10:18:12,334 [ERROR] Error analyzing symbol TIDEWATER: 'SMA_200'
2026-06-01 10:18:13,505 [ERROR] Error analyzing symbol TIPSINDLTD: 'SMA_200'
2026-06-01 10:18:16,820 [ERROR] Error analyzing symbol TV18BRDCST: 'SMA_200'
2026-06-01 10:18:27,817 [ERROR] Error analyzing symbol VIVIMEDLAB: 'SMA_200'
2026-06-01 10:40:47,228 [WARNING] Symbol AEGISCHEM has insufficient data: 9 rows
2026-06-01 10:40:47,245 [WARNING] Symbol FRETAIL has insufficient data: 18 rows
2026-06-01 10:40:47,245 [WARNING] Symbol MCDOWELL-N has insufficient data: 9 rows
2026-06-01 10:52:16,927 [WARNING] Symbol GRADIENTE has insufficient data: 16 rows
2026-06-01 10:52:16,935 [WARNING] Symbol KISSHT has insufficient data: 16 rows
2026-06-01 10:52:16,955 [WARNING] Symbol NEAGI has insufficient data: 15 rows
2026-06-01 10:52:19,067 [ERROR] Error analyzing symbol 3BBLACKBIO: 'SMA_200'
2026-06-01 10:52:20,970 [ERROR] Error analyzing symbol AARNAV: 'SMA_200'
2026-06-01 10:52:24,199 [ERROR] Error analyzing symbol ABMKNO: 'SMA_200'
2026-06-01 10:52:26,104 [ERROR] Error analyzing symbol ACSTECH: 'SMA_200'
2026-06-01 10:52:27,830 [ERROR] Error analyzing symbol ADVAIT: 'SMA_200'
2026-06-01 10:52:28,045 [ERROR] Error analyzing symbol ADVANCE: 'SMA_200'
2026-06-01 10:52:28,603 [ERROR] Error analyzing symbol ADVENTHTL: 'SMA_200'
2026-06-01 10:52:29,117 [ERROR] Error analyzing symbol AEPL: 'SMA_200'
2026-06-01 10:52:29,276 [ERROR] Error analyzing symbol AEQUS: 'SMA_200'
2026-06-01 10:52:30,006 [ERROR] Error analyzing symbol AERONEU: 'SMA_200'
2026-06-01 10:52:32,409 [ERROR] Error analyzing symbol AHCL: 'SMA_200'
2026-06-01 10:52:35,130 [ERROR] Error analyzing symbol AKCAPIT: 'SMA_200'
2026-06-01 10:52:38,156 [ERROR] Error analyzing symbol ALGOQUANT: 'SMA_200'
2026-06-01 10:52:41,479 [ERROR] Error analyzing symbol AMAGI: 'SMA_200'
2026-06-01 10:52:41,639 [ERROR] Error analyzing symbol AMANTA: 'SMA_200'
2026-06-01 10:52:41,763 [ERROR] Error analyzing symbol AMBALALSA: 'SMA_200'
2026-06-01 10:52:42,780 [ERROR] Error analyzing symbol AMIRCHAND: 'SMA_200'
2026-06-01 10:52:44,890 [ERROR] Error analyzing symbol ANTELOPUS: 'SMA_200'
2026-06-01 10:52:48,595 [ERROR] Error analyzing symbol AQYLON: 'SMA_200'
2026-06-01 10:52:50,395 [ERROR] Error analyzing symbol ARIHANT: 'SMA_200'
2026-06-01 10:52:51,395 [ERROR] Error analyzing symbol ARIS: 'SMA_200'
2026-06-01 10:52:53,470 [ERROR] Error analyzing symbol ARSSBL: 'SMA_200'
2026-06-01 10:52:57,379 [ERROR] Error analyzing symbol ASHIKA: 'SMA_200'
2026-06-01 10:53:00,774 [ERROR] Error analyzing symbol ASTAR: 'SMA_200'
2026-06-01 10:53:03,664 [ERROR] Error analyzing symbol ATLANTAELE: 'SMA_200'
2026-06-01 10:53:04,453 [ERROR] Error analyzing symbol AURIGROW: 'SMA_200'
2026-06-01 10:53:05,580 [ERROR] Error analyzing symbol AVAILFC: 'SMA_200'
2026-06-01 10:53:11,062 [ERROR] Error analyzing symbol AYE: 'SMA_200'
2026-06-01 10:53:14,512 [ERROR] Error analyzing symbol BAJAJST: 'SMA_200'
2026-06-01 10:53:19,999 [ERROR] Error analyzing symbol BATLIBOI: 'SMA_200'
2026-06-01 10:53:22,103 [ERROR] Error analyzing symbol BCPL: 'SMA_200'
2026-06-01 10:53:23,328 [ERROR] Error analyzing symbol BEEKAY: 'SMA_200'
2026-06-01 10:53:23,679 [ERROR] Error analyzing symbol BENGALASM: 'SMA_200'
2026-06-01 10:53:26,105 [ERROR] Error analyzing symbol BHARATCOAL: 'SMA_200'
2026-06-01 10:53:27,696 [ERROR] Error analyzing symbol BI: 'SMA_200'
2026-06-01 10:53:28,480 [ERROR] Error analyzing symbol BIMETAL: 'SMA_200'
2026-06-01 10:53:29,920 [ERROR] Error analyzing symbol BIRLAPREC: 'SMA_200'
2026-06-01 10:53:30,380 [ERROR] Error analyzing symbol BLACKROSE: 'SMA_200'
2026-06-01 10:53:30,857 [ERROR] Error analyzing symbol BLIL: 'SMA_200'
2026-06-01 10:53:32,344 [ERROR] Error analyzing symbol BLUESTONE: 'SMA_200'
2026-06-01 10:53:32,777 [ERROR] Error analyzing symbol BMWVENTLTD: 'SMA_200'
2026-06-01 10:53:32,900 [ERROR] Error analyzing symbol BNALTD: 'SMA_200'
2026-06-01 10:53:33,428 [ERROR] Error analyzing symbol BONLON: 'SMA_200'
2026-06-01 10:53:34,911 [ERROR] Error analyzing symbol BOSCH-HCIL: 'SMA_200'
2026-06-01 10:53:36,616 [ERROR] Error analyzing symbol BTTL: 'SMA_200'
2026-06-01 10:53:36,931 [ERROR] Error analyzing symbol BUILDPRO: 'SMA_200'
2026-06-01 10:53:39,428 [ERROR] Error analyzing symbol CAPILLARY: 'SMA_200'
2026-06-01 10:53:41,027 [ERROR] Error analyzing symbol CCAVENUE: 'SMA_200'
2026-06-01 10:53:42,126 [ERROR] Error analyzing symbol CEINSYS: 'SMA_200'
2026-06-01 10:53:46,929 [ERROR] Error analyzing symbol CLEANMAX: 'SMA_200'
2026-06-01 10:53:47,464 [ERROR] Error analyzing symbol CMPDI: 'SMA_200'
2026-06-01 10:53:47,965 [ERROR] Error analyzing symbol CNL: 'SMA_200'
2026-06-01 10:53:48,438 [ERROR] Error analyzing symbol COCKERILL: 'SMA_200'
2026-06-01 10:53:48,830 [ERROR] Error analyzing symbol COMFINTE: 'SMA_200'
2026-06-01 10:53:51,277 [ERROR] Error analyzing symbol CORONA: 'SMA_200'
2026-06-01 10:53:52,223 [ERROR] Error analyzing symbol CPEDU: 'SMA_200'
2026-06-01 10:53:52,429 [ERROR] Error analyzing symbol CRAMC: 'SMA_200'
2026-06-01 10:53:56,277 [ERROR] Error analyzing symbol DAICHI: 'SMA_200'
2026-06-01 10:54:02,242 [ERROR] Error analyzing symbol DECNGOLD: 'SMA_200'
2026-06-01 10:54:05,055 [ERROR] Error analyzing symbol DEVX: 'SMA_200'
2026-06-01 10:54:09,706 [ERROR] Error analyzing symbol DISAQ: 'SMA_200'
2026-06-01 10:54:14,107 [ERROR] Error analyzing symbol DRAGARWQ: 'SMA_200'
2026-06-01 10:54:15,268 [ERROR] Error analyzing symbol DSFCL: 'SMA_200'
2026-06-01 10:54:19,619 [ERROR] Error analyzing symbol EFCIL: 'SMA_200'
2026-06-01 10:54:21,443 [ERROR] Error analyzing symbol ELANTAS: 'SMA_200'
2026-06-01 10:54:21,604 [ERROR] Error analyzing symbol ELCIDIN: 'SMA_200'
2026-06-01 10:54:23,464 [ERROR] Error analyzing symbol ELITECON: 'SMA_200'
2026-06-01 10:54:23,819 [ERROR] Error analyzing symbol ELPROINTL: 'SMA_200'
2026-06-01 10:54:27,752 [ERROR] Error analyzing symbol EPACKPEB: 'SMA_200'
2026-06-01 10:54:31,368 [ERROR] Error analyzing symbol EUROPRATIK: 'SMA_200'
2026-06-01 10:54:33,028 [ERROR] Error analyzing symbol EXCELSOFT: 'SMA_200'
2026-06-01 10:54:34,232 [ERROR] Error analyzing symbol FABTECH: 'SMA_200'
2026-06-01 10:54:35,769 [ERROR] Error analyzing symbol FEDDERSHOL: 'SMA_200'
2026-06-01 10:54:36,269 [ERROR] Error analyzing symbol FERMENTA: 'SMA_200'
2026-06-01 10:54:38,095 [ERROR] Error analyzing symbol FINKURVE: 'SMA_200'
2026-06-01 10:54:41,282 [ERROR] Error analyzing symbol FRACTAL: 'SMA_200'
2026-06-01 10:54:41,432 [ERROR] Error analyzing symbol FRONTSP: 'SMA_200'
2026-06-01 10:54:44,291 [ERROR] Error analyzing symbol GANESHCP: 'SMA_200'
2026-06-01 10:54:44,481 [ERROR] Error analyzing symbol GANESHHOU: 'SMA_200'
2026-06-01 10:54:47,323 [ERROR] Error analyzing symbol GCSL: 'SMA_200'
2026-06-01 10:54:52,575 [ERROR] Error analyzing symbol GKENERGY: 'SMA_200'
2026-06-01 10:54:52,749 [ERROR] Error analyzing symbol GKSL: 'SMA_200'
2026-06-01 10:54:56,464 [ERROR] Error analyzing symbol GNRL: 'SMA_200'
2026-06-01 10:55:00,395 [ERROR] Error analyzing symbol GOODYEAR: 'SMA_200'
2026-06-01 10:55:02,843 [ERROR] Error analyzing symbol GRANDOAK: 'SMA_200'
2026-06-01 10:55:03,008 [ERROR] Error analyzing symbol GRAUWEIL: 'SMA_200'
2026-06-01 10:55:03,168 [ERROR] Error analyzing symbol GRAVISSHO: 'SMA_200'
2026-06-01 11:07:43,919 [WARNING] Symbol GRADIENTE has insufficient data: 16 rows
2026-06-01 11:07:43,942 [WARNING] Symbol KISSHT has insufficient data: 16 rows
2026-06-01 11:07:43,959 [WARNING] Symbol NEAGI has insufficient data: 15 rows
2026-06-01 11:20:30,309 [WARNING] Symbol GRADIENTE has insufficient data: 16 rows
2026-06-01 11:20:30,331 [WARNING] Symbol KISSHT has insufficient data: 16 rows
2026-06-01 11:20:30,366 [WARNING] Symbol NEAGI has insufficient data: 15 rows
