2025-08-21 13:57:00,669 [WARNING] Failed to fetch data for 21-08-2025:  Data not found, change the trade_date...
2025-08-21 13:57:00,669 [WARNING] No valid data fetched for 21-08-2025
2025-08-21 13:57:00,669 [ERROR] No data fetched
2025-08-21 13:57:00,669 [WARNING] No new data fetched
2026-04-16 09:05:13,615 [WARNING] Failed to fetch data for 16-04-2026:  Data not found, change the trade_date...
2026-04-16 09:05:13,631 [WARNING] No valid data fetched for 16-04-2026
2026-04-16 09:05:17,074 [WARNING] Symbol NAM has no data after standardization
2026-04-18 08:05:29,909 [WARNING] Symbol LTIM has no data after standardization
2026-04-18 08:05:29,925 [WARNING] Symbol NAM has no data after standardization
2026-04-18 08:05:29,940 [WARNING] Symbol PEL has no data after standardization
2026-04-18 08:05:30,026 [WARNING] Symbol SWANENERGY has no data after standardization
2026-04-18 08:05:30,038 [WARNING] Symbol TATAMOTORS has no data after standardization
2026-04-24 07:52:23,736 [WARNING] Failed to fetch data for 24-04-2026:  Data not found, change the trade_date...
2026-04-24 07:52:23,751 [WARNING] No valid data fetched for 24-04-2026
2026-04-24 07:52:24,243 [WARNING] Symbol LTIM has no data after standardization
2026-04-24 07:52:24,284 [WARNING] Symbol NAM has no data after standardization
2026-04-24 07:52:24,330 [WARNING] Symbol PEL has no data after standardization
2026-04-24 07:52:24,414 [WARNING] Symbol SWANENERGY has no data after standardization
2026-04-24 07:52:24,421 [WARNING] Symbol TATAMOTORS has no data after standardization
2026-04-27 09:15:45,336 [WARNING] Failed to fetch data for 27-04-2026:  Data not found, change the trade_date...
2026-04-27 09:15:45,336 [WARNING] No valid data fetched for 27-04-2026
2026-04-27 09:15:45,584 [WARNING] Symbol LTIM has no data after standardization
2026-04-27 09:15:45,600 [WARNING] Symbol NAM has no data after standardization
2026-04-27 09:15:45,640 [WARNING] Symbol PEL has no data after standardization
2026-04-27 09:15:45,681 [WARNING] Symbol SWANENERGY has no data after standardization
2026-04-27 09:15:45,697 [WARNING] Symbol TATAMOTORS has no data after standardization
2026-04-29 14:50:31,186 [WARNING] Failed to fetch data for 29-04-2026:  Data not found, change the trade_date...
2026-04-29 14:50:31,202 [WARNING] No valid data fetched for 29-04-2026
2026-04-29 14:50:31,403 [WARNING] Symbol LTIM has no data after standardization
2026-04-29 14:50:31,419 [WARNING] Symbol NAM has no data after standardization
2026-04-29 14:50:31,454 [WARNING] Symbol PEL has no data after standardization
2026-04-29 14:50:31,504 [WARNING] Symbol SWANENERGY has no data after standardization
2026-04-29 14:50:31,520 [WARNING] Symbol TATAMOTORS has no data after standardization
2026-05-06 09:19:06,232 [WARNING] Failed to fetch data for 06-05-2026:  Data not found, change the trade_date...
2026-05-06 09:19:06,304 [WARNING] No valid data fetched for 06-05-2026
2026-05-06 09:19:08,176 [WARNING] Symbol LTIM has no data after standardization
2026-05-06 09:19:08,334 [WARNING] Symbol NAM has no data after standardization
2026-05-06 09:19:08,476 [WARNING] Symbol PEL has no data after standardization
2026-05-06 09:19:08,703 [WARNING] Symbol SWANENERGY has no data after standardization
2026-05-06 09:19:08,745 [WARNING] Symbol TATAMOTORS has no data after standardization
2026-05-06 11:04:23,795 [WARNING] Symbol NAM has no data after standardization
2026-05-07 10:27:05,551 [WARNING] Failed to fetch data for 07-05-2026:  Data not found, change the trade_date...
2026-05-07 10:27:05,556 [WARNING] No valid data fetched for 07-05-2026
2026-05-07 10:27:14,510 [WARNING] Symbol NAM has no data after standardization
2026-05-27 09:00:48,955 [WARNING] Failed to fetch data for 27-05-2026:  Data not found, change the trade_date...
2026-05-27 09:00:48,959 [WARNING] No valid data fetched for 27-05-2026
2026-05-27 09:00:58,029 [WARNING] Symbol NAM has no data after standardization
2026-05-27 11:21:56,453 [WARNING] No 'HOLIDAYS' column found in symbols2.csv. Assuming no holidays.
2026-05-27 11:22:37,495 [WARNING] No 'HOLIDAYS' column found in symbols2.csv. Assuming no holidays.
2026-05-27 11:23:43,370 [WARNING] Failed to fetch data for 15-11-2024:  Data not found, change the trade_date...
2026-05-27 11:23:56,854 [WARNING] Failed to fetch data for 26-02-2025:  Data not found, change the trade_date...
2026-05-27 11:23:58,894 [WARNING] Failed to fetch data for 14-03-2025:  Data not found, change the trade_date...
2026-05-27 11:24:00,699 [WARNING] Failed to fetch data for 31-03-2025:  Data not found, change the trade_date...
2026-05-27 11:24:02,042 [WARNING] Failed to fetch data for 10-04-2025:  Data not found, change the trade_date...
2026-05-27 11:24:02,153 [WARNING] Failed to fetch data for 14-04-2025:  Data not found, change the trade_date...
2026-05-27 11:24:02,963 [WARNING] Failed to fetch data for 18-04-2025:  Data not found, change the trade_date...
2026-05-27 11:24:04,603 [WARNING] Failed to fetch data for 01-05-2025:  Data not found, change the trade_date...
2026-05-28 09:45:07,834 [WARNING] Failed to fetch data for 28-05-2026:  Data not found, change the trade_date...
2026-05-28 09:45:07,838 [WARNING] No valid data fetched for 28-05-2026
2026-05-28 09:45:16,429 [WARNING] Symbol NAM has no data after standardization
